// Jest Snapshot v1, https://goo.gl/fbAQLP

exports[`Render catalog Should render <Catalog /> 1`] = `
<div
  className="page-content"
>
  <section
    className="catalog"
  >
    <h2
      className="catalog__title visually-hidden"
    >
      Catalog
    </h2>
    <ul
      className="catalog__genres-list"
    >
      <li
        className="catalog__genres-item catalog__genres-item--active"
      >
        <a
          className="catalog__genres-link"
          href="#"
        >
          test-filter-1
        </a>
      </li>
      <li
        className="catalog__genres-item"
      >
        <a
          className="catalog__genres-link"
          href="#"
        >
          test-filter-2
        </a>
      </li>
      <li
        className="catalog__genres-item"
      >
        <a
          className="catalog__genres-link"
          href="#"
        >
          test-filter-3
        </a>
      </li>
    </ul>
    <div
      className="catalog__movies-list"
    >
      <article
        className="small-movie-card catalog__movies-card"
      >
        <div
          className="small-movie-card__image"
        >
          <img
            alt="test-movie-name-1"
            height={125}
            src="img/fantastic-beasts-the-crimes-of-grindelwald.jpg"
            width={250}
          />
        </div>
        <h3
          className="small-movie-card__title"
        >
          <a
            className="small-movie-card__link"
            href="movie-page.html"
          >
            test-movie-name-1
          </a>
        </h3>
      </article>
    </div>
  </section>
</div>
`;
