// Jest Snapshot v1, https://goo.gl/fbAQLP

exports[`Render movie-list Render <MovieCard /> 1`] = `
<div
  className="catalog__movies-list"
>
  <article
    className="small-movie-card catalog__movies-card"
  >
    <div
      className="small-movie-card__image"
    >
      <img
        alt="test-movie-name-1"
        height={125}
        src="img/fantastic-beasts-the-crimes-of-grindelwald.jpg"
        width={250}
      />
    </div>
    <h3
      className="small-movie-card__title"
    >
      <a
        className="small-movie-card__link"
        href="movie-page.html"
      >
        test-movie-name-1
      </a>
    </h3>
  </article>
</div>
`;
